[ERROR] _system/REQ-000-what-this-product-solves.md: 禁止同義語『退役』→ 承認語『アーカイブ』を使う。 (BANNED_SYNONYM)
[ERROR] _system/REQ-000-what-this-product-solves.md: 禁止同義語『CI』→ 承認語『門』を使う。 (BANNED_SYNONYM)
[ERROR] _system/decided-facts.md: 禁止同義語『doctrine 側』→ 承認語『上流』を使う。 (BANNED_SYNONYM)
[ERROR] _system/decided-facts.md: 禁止同義語『view』→ 承認語『画面』を使う。 (BANNED_SYNONYM)
[ERROR] _system/non-goals.md: 禁止同義語『doctrine 側』→ 承認語『上流』を使う。 (BANNED_SYNONYM)
[ERROR] _system/non-goals.md: 禁止同義語『ゲート』→ 承認語『門』を使う。 (BANNED_SYNONYM)
[ERROR] lens/ICD.md: 禁止同義語『出力』→ 承認語『投影』を使う。 (BANNED_SYNONYM)
[ERROR] lens/REQ-002-lens-switching.md: 禁止同義語『領域』→ 承認語『ドメイン』を使う。 (BANNED_SYNONYM)
[ERROR] lens/REQ-002-lens-switching.md: 禁止同義語『選択』→ 承認語『起点』を使う。 (BANNED_SYNONYM)
[ERROR] lens/REQ-003-no-duplicate-rules.md: 禁止同義語『ゲート』→ 承認語『門』を使う。 (BANNED_SYNONYM)
[ERROR] lens/REQ-004-code-to-document.md: 禁止同義語『doctrine 側』→ 承認語『上流』を使う。 (BANNED_SYNONYM)
[ERROR] lens/decisions/ADR-001-delegate-to-doctrine-cli.md: 禁止同義語『出力』→ 承認語『投影』を使う。 (BANNED_SYNONYM)
[ERROR] lens/decisions/ADR-001-delegate-to-doctrine-cli.md: 禁止同義語『ゲート』→ 承認語『門』を使う。 (BANNED_SYNONYM)
[ERROR] lens/decisions/ADR-002-handwritten-svg.md: 禁止同義語『選択』→ 承認語『起点』を使う。 (BANNED_SYNONYM)
[ERROR] lens/decisions/ADR-002-handwritten-svg.md: 禁止同義語『view』→ 承認語『画面』を使う。 (BANNED_SYNONYM)
[ERROR] lens/decisions/ADR-003-first-slice-scope.md: 禁止同義語『階層』→ 承認語『波』を使う。 (BANNED_SYNONYM)
[ERROR] lens/decisions/ADR-003-first-slice-scope.md: 禁止同義語『view』→ 承認語『画面』を使う。 (BANNED_SYNONYM)
[ERROR] lens/decisions/ADR-005-implement-depth-three.md: 禁止同義語『doctrine 側』→ 承認語『上流』を使う。 (BANNED_SYNONYM)
[ERROR] lens/decisions/ADR-005-implement-depth-three.md: 禁止同義語『ゲート』→ 承認語『門』を使う。 (BANNED_SYNONYM)
[ERROR] lens/decisions/ADR-006-multi-root-workspace.md: 禁止同義語『選択』→ 承認語『起点』を使う。 (BANNED_SYNONYM)
[ERROR] lens/decisions/ADR-007-english-source-strings.md: 禁止同義語『本体』→ 承認語『上流』を使う。 (BANNED_SYNONYM)
[ERROR] lens/decisions/ADR-007-english-source-strings.md: 禁止同義語『view』→ 承認語『画面』を使う。 (BANNED_SYNONYM)
[ERROR] lens/decisions/ADR-010-machine-scoped-executables.md: 禁止同義語『抜け』→ 承認語『逆孤児』を使う。 (BANNED_SYNONYM)
[ERROR] lens/decisions/ADR-012-consequence-not-map.md: 禁止同義語『出力』→ 承認語『投影』を使う。 (BANNED_SYNONYM)
[ERROR] lens/decisions/ADR-012-consequence-not-map.md: 禁止同義語『波及先』→ 承認語『帰結』を使う。 (BANNED_SYNONYM)
[ERROR] lens/decisions/ADR-013-design-values-live-in-design-md.md: 禁止同義語『選択』→ 承認語『起点』を使う。 (BANNED_SYNONYM)
[ERROR] lens/decisions/ADR-013-design-values-live-in-design-md.md: 禁止同義語『指摘』→ 承認語『所見』を使う。 (BANNED_SYNONYM)
[ERROR] lens/decisions/ADR-013-design-values-live-in-design-md.md: 禁止同義語『view』→ 承認語『画面』を使う。 (BANNED_SYNONYM)
[ERROR] lens/decisions/ADR-014-count-do-not-claim.md: 禁止同義語『出力』→ 承認語『投影』を使う。 (BANNED_SYNONYM)
[ERROR] lens/decisions/ADR-014-count-do-not-claim.md: 禁止同義語『退役』→ 承認語『アーカイブ』を使う。 (BANNED_SYNONYM)
[ERROR] lens/decisions/ADR-014-count-do-not-claim.md: 禁止同義語『コア』→ 承認語『上流』を使う。 (BANNED_SYNONYM)
[ERROR] lens/decisions/ADR-015-mutation-verdict-from-exit-status.md: 禁止同義語『出力』→ 承認語『投影』を使う。 (BANNED_SYNONYM)
[ERROR] lens/decisions/ADR-015-mutation-verdict-from-exit-status.md: 禁止同義語『CI』→ 承認語『門』を使う。 (BANNED_SYNONYM)
[ERROR] lens/decisions/ADR-016-mutate-in-isolated-worktree.md: 禁止同義語『親』→ 承認語『上流』を使う。 (BANNED_SYNONYM)
[ERROR] lens/decisions/ADR-017-do-not-trust-your-own-gates.md: 禁止同義語『コア』→ 承認語『上流』を使う。 (BANNED_SYNONYM)
[ERROR] lens/decisions/ADR-018-read-the-glossary-do-not-own-it.md: 禁止同義語『ドキュメント』→ 承認語『文書』を使う。 (BANNED_SYNONYM)
[ERROR] lens/decisions/ADR-018-read-the-glossary-do-not-own-it.md: 禁止同義語『ハッシュ』→ 承認語『指紋』を使う。 (BANNED_SYNONYM)
[ERROR] lens/decisions/ADR-018-read-the-glossary-do-not-own-it.md: 禁止同義語『チェックサム』→ 承認語『指紋』を使う。 (BANNED_SYNONYM)
[ERROR] lens/decisions/ADR-018-read-the-glossary-do-not-own-it.md: 禁止同義語『ダイジェスト』→ 承認語『指紋』を使う。 (BANNED_SYNONYM)
[ERROR] lens/decisions/ADR-018-read-the-glossary-do-not-own-it.md: 禁止同義語『ループ』→ 承認語『循環』を使う。 (BANNED_SYNONYM)
[ERROR] lens/decisions/ADR-018-read-the-glossary-do-not-own-it.md: 禁止同義語『サイクル』→ 承認語『循環』を使う。 (BANNED_SYNONYM)
[ERROR] lens/decisions/ADR-018-read-the-glossary-do-not-own-it.md: 禁止同義語『堂々巡り』→ 承認語『循環』を使う。 (BANNED_SYNONYM)
[ERROR] lens/decisions/ADR-018-read-the-glossary-do-not-own-it.md: 禁止同義語『指摘』→ 承認語『所見』を使う。 (BANNED_SYNONYM)
[ERROR] lens/decisions/ADR-018-read-the-glossary-do-not-own-it.md: 禁止同義語『警告』→ 承認語『所見』を使う。 (BANNED_SYNONYM)
[ERROR] lens/decisions/ADR-018-read-the-glossary-do-not-own-it.md: 禁止同義語『エラー』→ 承認語『所見』を使う。 (BANNED_SYNONYM)
[ERROR] lens/decisions/ADR-018-read-the-glossary-do-not-own-it.md: 禁止同義語『チェック』→ 承認語『検査』を使う。 (BANNED_SYNONYM)
[ERROR] lens/decisions/ADR-018-read-the-glossary-do-not-own-it.md: 禁止同義語『ルール』→ 承認語『検査』を使う。 (BANNED_SYNONYM)
[ERROR] lens/decisions/ADR-018-read-the-glossary-do-not-own-it.md: 禁止同義語『バリデーション』→ 承認語『検査』を使う。 (BANNED_SYNONYM)
[ERROR] lens/decisions/ADR-018-read-the-glossary-do-not-own-it.md: 禁止同義語『ドキュメントツリー』→ 承認語『統治木』を使う。 (BANNED_SYNONYM)
[ERROR] lens/decisions/ADR-018-read-the-glossary-do-not-own-it.md: 禁止同義語『文書ツリー』→ 承認語『統治木』を使う。 (BANNED_SYNONYM)
[ERROR] lens/decisions/ADR-018-read-the-glossary-do-not-own-it.md: 禁止同義語『ブロック』→ 承認語『範囲』を使う。 (BANNED_SYNONYM)
[ERROR] lens/decisions/ADR-018-read-the-glossary-do-not-own-it.md: 禁止同義語『セクション』→ 承認語『範囲』を使う。 (BANNED_SYNONYM)
[ERROR] lens/decisions/ADR-018-read-the-glossary-do-not-own-it.md: 禁止同義語『区間』→ 承認語『範囲』を使う。 (BANNED_SYNONYM)
[ERROR] lens/decisions/ADR-018-read-the-glossary-do-not-own-it.md: 禁止同義語『チェック』→ 承認語『門』を使う。 (BANNED_SYNONYM)
[ERROR] lens/decisions/ADR-020-drop-the-patch-when-upstream-answers.md: 禁止同義語『コア』→ 承認語『上流』を使う。 (BANNED_SYNONYM)
[ERROR] lens/decisions/ADR-021-do-not-narrate-the-default.md: 禁止同義語『退役』→ 承認語『アーカイブ』を使う。 (BANNED_SYNONYM)
[ERROR] lens/decisions/ADR-021-do-not-narrate-the-default.md: 禁止同義語『漏れ』→ 承認語『逆孤児』を使う。 (BANNED_SYNONYM)
[ERROR] lens/decisions/ADR-023-absent-is-not-zero.md: 禁止同義語『親』→ 承認語『上流』を使う。 (BANNED_SYNONYM)
[ERROR] lens/decisions/ADR-024-a-gate-that-never-fires.md: 禁止同義語『本体』→ 承認語『上流』を使う。 (BANNED_SYNONYM)
[ERROR] lens/decisions/ADR-025-name-what-we-coined.md: 禁止同義語『view』→ 承認語『画面』を使う。 (BANNED_SYNONYM)
[ERROR] lens/decisions/ADR-026-put-the-purpose-in-the-tree.md: 禁止同義語『コア』→ 承認語『上流』を使う。 (BANNED_SYNONYM)
[ERROR] lens/decisions/CHANGE-001-code-round-trip.md: CHANGE の必須節『理由（要求元）』が無い。 (MISSING_SECTION)
[ERROR] lens/decisions/CHANGE-001-code-round-trip.md: 禁止同義語『CI』→ 承認語『門』を使う。 (BANNED_SYNONYM)
[ERROR] lens/decisions/CHANGE-001-code-round-trip.md: 禁止同義語『テスト』→ 承認語『試験』を使う。 (BANNED_SYNONYM)
[ERROR] lens/decisions/CHANGE-002-shipping-readiness.md: CHANGE の必須節『理由（要求元）』が無い。 (MISSING_SECTION)
[ERROR] lens/decisions/CHANGE-002-shipping-readiness.md: 禁止同義語『資料』→ 承認語『文書』を使う。 (BANNED_SYNONYM)
[ERROR] lens/decisions/CHANGE-002-shipping-readiness.md: 禁止同義語『テスト』→ 承認語『試験』を使う。 (BANNED_SYNONYM)
[ERROR] lens/decisions/CHANGE-003-audit-remediation.md: CHANGE の必須節『理由（要求元）』が無い。 (MISSING_SECTION)
[ERROR] lens/decisions/CHANGE-003-audit-remediation.md: 禁止同義語『テスト』→ 承認語『試験』を使う。 (BANNED_SYNONYM)
[ERROR] lens/decisions/CHANGE-004-consequence-over-map.md: status『accepted』は型 CHANGE では許可されない(許可: archived, current, deprecated, open, proposed, superseded)。 (BAD_STATUS)
[ERROR] lens/decisions/CHANGE-004-consequence-over-map.md: CHANGE の必須節『理由（要求元）』が無い。 (MISSING_SECTION)
[ERROR] lens/decisions/CHANGE-004-consequence-over-map.md: 禁止同義語『領域』→ 承認語『ドメイン』を使う。 (BANNED_SYNONYM)
[ERROR] lens/decisions/CHANGE-004-consequence-over-map.md: 禁止同義語『指摘』→ 承認語『所見』を使う。 (BANNED_SYNONYM)
[ERROR] lens/decisions/CHANGE-004-consequence-over-map.md: 禁止同義語『本体』→ 承認語『上流』を使う。 (BANNED_SYNONYM)
[ERROR] lens/decisions/CHANGE-004-consequence-over-map.md: 禁止同義語『view』→ 承認語『画面』を使う。 (BANNED_SYNONYM)
[ERROR] lens/decisions/CHANGE-004-consequence-over-map.md: 禁止同義語『CI』→ 承認語『門』を使う。 (BANNED_SYNONYM)
[ERROR] lens/decisions/CHANGE-005-honest-numbers-and-status.md: status『accepted』は型 CHANGE では許可されない(許可: archived, current, deprecated, open, proposed, superseded)。 (BAD_STATUS)
[ERROR] lens/decisions/CHANGE-005-honest-numbers-and-status.md: CHANGE の必須節『理由（要求元）』が無い。 (MISSING_SECTION)
[ERROR] lens/decisions/CHANGE-005-honest-numbers-and-status.md: 禁止同義語『出力』→ 承認語『投影』を使う。 (BANNED_SYNONYM)
[ERROR] lens/decisions/CHANGE-005-honest-numbers-and-status.md: 禁止同義語『退役』→ 承認語『アーカイブ』を使う。 (BANNED_SYNONYM)
[ERROR] lens/decisions/CHANGE-005-honest-numbers-and-status.md: 禁止同義語『漏れ』→ 承認語『逆孤児』を使う。 (BANNED_SYNONYM)
[ERROR] lens/decisions/CHANGE-005-honest-numbers-and-status.md: 禁止同義語『指摘』→ 承認語『所見』を使う。 (BANNED_SYNONYM)
[ERROR] lens/decisions/CHANGE-005-honest-numbers-and-status.md: 禁止同義語『コア』→ 承認語『上流』を使う。 (BANNED_SYNONYM)
[ERROR] lens/decisions/CHANGE-005-honest-numbers-and-status.md: 禁止同義語『doctrine 側』→ 承認語『上流』を使う。 (BANNED_SYNONYM)
[ERROR] lens/decisions/CHANGE-006-say-which-way-we-walked.md: status『accepted』は型 CHANGE では許可されない(許可: archived, current, deprecated, open, proposed, superseded)。 (BAD_STATUS)
[ERROR] lens/decisions/CHANGE-006-say-which-way-we-walked.md: CHANGE の必須節『理由（要求元）』が無い。 (MISSING_SECTION)
[ERROR] lens/decisions/CHANGE-007-bind-words-to-the-canon.md: status『accepted』は型 CHANGE では許可されない(許可: archived, current, deprecated, open, proposed, superseded)。 (BAD_STATUS)
[ERROR] lens/decisions/CHANGE-007-bind-words-to-the-canon.md: CHANGE の必須節『理由（要求元）』が無い。 (MISSING_SECTION)
[ERROR] lens/decisions/CHANGE-007-bind-words-to-the-canon.md: 禁止同義語『漏れ』→ 承認語『逆孤児』を使う。 (BANNED_SYNONYM)
[ERROR] lens/decisions/CHANGE-008-name-where-the-findings-are.md: status『accepted』は型 CHANGE では許可されない(許可: archived, current, deprecated, open, proposed, superseded)。 (BAD_STATUS)
[ERROR] lens/decisions/CHANGE-008-name-where-the-findings-are.md: CHANGE の必須節『理由（要求元）』が無い。 (MISSING_SECTION)
[ERROR] lens/decisions/CHANGE-009-upstream-answered-drop-the-patches.md: status『accepted』は型 CHANGE では許可されない(許可: archived, current, deprecated, open, proposed, superseded)。 (BAD_STATUS)
[ERROR] lens/decisions/CHANGE-009-upstream-answered-drop-the-patches.md: CHANGE の必須節『理由（要求元）』が無い。 (MISSING_SECTION)
[ERROR] lens/decisions/CHANGE-009-upstream-answered-drop-the-patches.md: 禁止同義語『doctrine 側』→ 承認語『上流』を使う。 (BANNED_SYNONYM)
[ERROR] lens/decisions/CHANGE-010-stop-saying-current.md: status『accepted』は型 CHANGE では許可されない(許可: archived, current, deprecated, open, proposed, superseded)。 (BAD_STATUS)
[ERROR] lens/decisions/CHANGE-010-stop-saying-current.md: CHANGE の必須節『理由（要求元）』が無い。 (MISSING_SECTION)
[ERROR] lens/decisions/CHANGE-010-stop-saying-current.md: 禁止同義語『指摘』→ 承認語『所見』を使う。 (BANNED_SYNONYM)
[ERROR] lens/decisions/CHANGE-010-stop-saying-current.md: 禁止同義語『本体』→ 承認語『上流』を使う。 (BANNED_SYNONYM)
[ERROR] lens/decisions/CHANGE-011-acceptance-numbers-drifted.md: status『accepted』は型 CHANGE では許可されない(許可: archived, current, deprecated, open, proposed, superseded)。 (BAD_STATUS)
[ERROR] lens/decisions/CHANGE-011-acceptance-numbers-drifted.md: CHANGE の必須節『変更内容』が無い。 (MISSING_SECTION)
[ERROR] lens/decisions/CHANGE-011-acceptance-numbers-drifted.md: CHANGE の必須節『理由（要求元）』が無い。 (MISSING_SECTION)
[ERROR] lens/decisions/CHANGE-012-not-fetched-is-not-none.md: status『accepted』は型 CHANGE では許可されない(許可: archived, current, deprecated, open, proposed, superseded)。 (BAD_STATUS)
[ERROR] lens/decisions/CHANGE-012-not-fetched-is-not-none.md: CHANGE の必須節『変更内容』が無い。 (MISSING_SECTION)
[ERROR] lens/decisions/CHANGE-012-not-fetched-is-not-none.md: CHANGE の必須節『理由（要求元）』が無い。 (MISSING_SECTION)
[ERROR] lens/decisions/CHANGE-012-not-fetched-is-not-none.md: 禁止同義語『指摘』→ 承認語『所見』を使う。 (BANNED_SYNONYM)
[ERROR] lens/decisions/CHANGE-012-not-fetched-is-not-none.md: 禁止同義語『エラー』→ 承認語『所見』を使う。 (BANNED_SYNONYM)
[ERROR] lens/decisions/CHANGE-013-gates-that-never-fire.md: status『accepted』は型 CHANGE では許可されない(許可: archived, current, deprecated, open, proposed, superseded)。 (BAD_STATUS)
[ERROR] lens/decisions/CHANGE-013-gates-that-never-fire.md: CHANGE の必須節『変更内容』が無い。 (MISSING_SECTION)
[ERROR] lens/decisions/CHANGE-013-gates-that-never-fire.md: CHANGE の必須節『理由（要求元）』が無い。 (MISSING_SECTION)
[ERROR] lens/decisions/CHANGE-013-gates-that-never-fire.md: 禁止同義語『本体』→ 承認語『上流』を使う。 (BANNED_SYNONYM)
[ERROR] lens/decisions/CHANGE-014-words-we-coined.md: status『accepted』は型 CHANGE では許可されない(許可: archived, current, deprecated, open, proposed, superseded)。 (BAD_STATUS)
[ERROR] lens/decisions/CHANGE-014-words-we-coined.md: CHANGE の必須節『変更内容』が無い。 (MISSING_SECTION)
[ERROR] lens/decisions/CHANGE-014-words-we-coined.md: CHANGE の必須節『理由（要求元）』が無い。 (MISSING_SECTION)
[ERROR] lens/decisions/CHANGE-014-words-we-coined.md: 禁止同義語『チェック』→ 承認語『検査』を使う。 (BANNED_SYNONYM)
[ERROR] lens/decisions/CHANGE-014-words-we-coined.md: 禁止同義語『本体』→ 承認語『上流』を使う。 (BANNED_SYNONYM)
[ERROR] lens/decisions/CHANGE-014-words-we-coined.md: 禁止同義語『view』→ 承認語『画面』を使う。 (BANNED_SYNONYM)
[ERROR] lens/decisions/CHANGE-014-words-we-coined.md: 禁止同義語『ゲート』→ 承認語『門』を使う。 (BANNED_SYNONYM)
[ERROR] lens/decisions/CHANGE-014-words-we-coined.md: 禁止同義語『チェック』→ 承認語『門』を使う。 (BANNED_SYNONYM)
[ERROR] lens/decisions/CHANGE-015-what-this-product-solves.md: status『accepted』は型 CHANGE では許可されない(許可: archived, current, deprecated, open, proposed, superseded)。 (BAD_STATUS)
[ERROR] lens/decisions/CHANGE-015-what-this-product-solves.md: CHANGE の必須節『変更内容』が無い。 (MISSING_SECTION)
[ERROR] lens/decisions/CHANGE-015-what-this-product-solves.md: CHANGE の必須節『理由（要求元）』が無い。 (MISSING_SECTION)
[ERROR] lens/decisions/CHANGE-015-what-this-product-solves.md: 禁止同義語『コア』→ 承認語『上流』を使う。 (BANNED_SYNONYM)
[ERROR] lens/decisions/CHANGE-016-name-the-premises.md: status『accepted』は型 CHANGE では許可されない(許可: archived, current, deprecated, open, proposed, superseded)。 (BAD_STATUS)
[ERROR] lens/decisions/CHANGE-016-name-the-premises.md: CHANGE の必須節『変更内容』が無い。 (MISSING_SECTION)
[ERROR] lens/decisions/CHANGE-016-name-the-premises.md: CHANGE の必須節『理由（要求元）』が無い。 (MISSING_SECTION)
[ERROR] lens/decisions/CHANGE-017-icd-claims-dead-concepts.md: status『accepted』は型 CHANGE では許可されない(許可: archived, current, deprecated, open, proposed, superseded)。 (BAD_STATUS)
[ERROR] lens/decisions/CHANGE-017-icd-claims-dead-concepts.md: CHANGE の必須節『変更内容』が無い。 (MISSING_SECTION)
[ERROR] lens/decisions/CHANGE-017-icd-claims-dead-concepts.md: CHANGE の必須節『理由（要求元）』が無い。 (MISSING_SECTION)
[ERROR] lens/decisions/CHANGE-017-icd-claims-dead-concepts.md: 禁止同義語『退役』→ 承認語『アーカイブ』を使う。 (BANNED_SYNONYM)
[ERROR] lens/decisions/CHANGE-017-icd-claims-dead-concepts.md: 禁止同義語『エラー』→ 承認語『所見』を使う。 (BANNED_SYNONYM)
[ERROR] lens/decisions/CHANGE-018-stale-shots-linger.md: status『accepted』は型 CHANGE では許可されない(許可: archived, current, deprecated, open, proposed, superseded)。 (BAD_STATUS)
[ERROR] lens/decisions/CHANGE-018-stale-shots-linger.md: CHANGE の必須節『変更内容』が無い。 (MISSING_SECTION)
[ERROR] lens/decisions/CHANGE-018-stale-shots-linger.md: CHANGE の必須節『理由（要求元）』が無い。 (MISSING_SECTION)
[ERROR] lens/decisions/CHANGE-018-stale-shots-linger.md: 禁止同義語『出力』→ 承認語『投影』を使う。 (BANNED_SYNONYM)
[ERROR] lens/decisions/CHANGE-019-gates-i-did-not-read.md: CHANGE の必須節『変更内容』が無い。 (MISSING_SECTION)
[ERROR] lens/decisions/CHANGE-019-gates-i-did-not-read.md: CHANGE の必須節『理由（要求元）』が無い。 (MISSING_SECTION)
[ERROR] lens/decisions/CHANGE-019-gates-i-did-not-read.md: 禁止同義語『出力』→ 承認語『投影』を使う。 (BANNED_SYNONYM)
[ERROR] lens/decisions/CHANGE-019-gates-i-did-not-read.md: 禁止同義語『view』→ 承認語『画面』を使う。 (BANNED_SYNONYM)
[ERROR] lens/decisions/CHANGE-019-gates-i-did-not-read.md: 禁止同義語『CI』→ 承認語『門』を使う。 (BANNED_SYNONYM)
[ERROR] lens/decisions/CHANGE-020-decisions-with-no-edges.md: status『accepted』は型 CHANGE では許可されない(許可: archived, current, deprecated, open, proposed, superseded)。 (BAD_STATUS)
[ERROR] lens/decisions/CHANGE-020-decisions-with-no-edges.md: CHANGE の必須節『変更内容』が無い。 (MISSING_SECTION)
[ERROR] lens/decisions/CHANGE-020-decisions-with-no-edges.md: CHANGE の必須節『理由（要求元）』が無い。 (MISSING_SECTION)
[ERROR] lens/decisions/CHANGE-021-borrowed-tools-never-used.md: status『accepted』は型 CHANGE では許可されない(許可: archived, current, deprecated, open, proposed, superseded)。 (BAD_STATUS)
[ERROR] lens/decisions/CHANGE-021-borrowed-tools-never-used.md: CHANGE の必須節『変更内容』が無い。 (MISSING_SECTION)
[ERROR] lens/decisions/CHANGE-021-borrowed-tools-never-used.md: CHANGE の必須節『理由（要求元）』が無い。 (MISSING_SECTION)
[ERROR] lens/decisions/CHANGE-021-borrowed-tools-never-used.md: 禁止同義語『CI』→ 承認語『門』を使う。 (BANNED_SYNONYM)
[ERROR] lens/decisions/CHANGE-022-the-parts-list-is-not-watched.md: status『accepted』は型 CHANGE では許可されない(許可: archived, current, deprecated, open, proposed, superseded)。 (BAD_STATUS)
[ERROR] lens/decisions/CHANGE-022-the-parts-list-is-not-watched.md: CHANGE の必須節『変更内容』が無い。 (MISSING_SECTION)
[ERROR] lens/decisions/CHANGE-022-the-parts-list-is-not-watched.md: CHANGE の必須節『理由（要求元）』が無い。 (MISSING_SECTION)
[ERROR] lens/decisions/CHANGE-022-the-parts-list-is-not-watched.md: 禁止同義語『本体』→ 承認語『上流』を使う。 (BANNED_SYNONYM)
[ERROR] lens/decisions/IMPACT-001-code-round-trip.md: 禁止同義語『テスト』→ 承認語『試験』を使う。 (BANNED_SYNONYM)
[ERROR] lens/decisions/IMPACT-002-shipping-readiness.md: 禁止同義語『本体』→ 承認語『上流』を使う。 (BANNED_SYNONYM)
[ERROR] lens/decisions/IMPACT-002-shipping-readiness.md: 禁止同義語『view』→ 承認語『画面』を使う。 (BANNED_SYNONYM)
[ERROR] lens/decisions/IMPACT-002-shipping-readiness.md: 禁止同義語『テスト』→ 承認語『試験』を使う。 (BANNED_SYNONYM)
[ERROR] lens/decisions/IMPACT-003-audit-remediation.md: 禁止同義語『テスト』→ 承認語『試験』を使う。 (BANNED_SYNONYM)
[ERROR] lens/decisions/IMPACT-004-consequence-over-map.md: 禁止同義語『エラー』→ 承認語『所見』を使う。 (BANNED_SYNONYM)
[ERROR] lens/decisions/IMPACT-004-consequence-over-map.md: 禁止同義語『本体』→ 承認語『上流』を使う。 (BANNED_SYNONYM)
[ERROR] lens/decisions/IMPACT-004-consequence-over-map.md: 禁止同義語『テスト』→ 承認語『試験』を使う。 (BANNED_SYNONYM)
[ERROR] lens/decisions/IMPACT-005-honest-numbers-and-status.md: 禁止同義語『出力』→ 承認語『投影』を使う。 (BANNED_SYNONYM)
[ERROR] lens/decisions/IMPACT-005-honest-numbers-and-status.md: 禁止同義語『波及先』→ 承認語『帰結』を使う。 (BANNED_SYNONYM)
[ERROR] lens/decisions/IMPACT-005-honest-numbers-and-status.md: 禁止同義語『テスト』→ 承認語『試験』を使う。 (BANNED_SYNONYM)
[ERROR] lens/decisions/IMPACT-006-say-which-way-we-walked.md: 禁止同義語『テスト』→ 承認語『試験』を使う。 (BANNED_SYNONYM)
[ERROR] lens/decisions/IMPACT-007-bind-words-to-the-canon.md: 禁止同義語『本体』→ 承認語『上流』を使う。 (BANNED_SYNONYM)
[ERROR] lens/decisions/IMPACT-007-bind-words-to-the-canon.md: 禁止同義語『テスト』→ 承認語『試験』を使う。 (BANNED_SYNONYM)
[ERROR] lens/decisions/IMPACT-008-name-where-the-findings-are.md: 禁止同義語『テスト』→ 承認語『試験』を使う。 (BANNED_SYNONYM)
[ERROR] lens/decisions/IMPACT-009-upstream-answered-drop-the-patches.md: 禁止同義語『テスト』→ 承認語『試験』を使う。 (BANNED_SYNONYM)
[ERROR] lens/decisions/IMPACT-010-stop-saying-current.md: 禁止同義語『テスト』→ 承認語『試験』を使う。 (BANNED_SYNONYM)
[ERROR] lens/decisions/IMPACT-011-acceptance-numbers-drifted.md: IMPACT の必須節『工数見積』が無い。 (MISSING_SECTION)
[ERROR] lens/decisions/IMPACT-011-acceptance-numbers-drifted.md: 禁止同義語『テスト』→ 承認語『試験』を使う。 (BANNED_SYNONYM)
[ERROR] lens/decisions/IMPACT-012-not-fetched-is-not-none.md: IMPACT の必須節『工数見積』が無い。 (MISSING_SECTION)
[ERROR] lens/decisions/IMPACT-012-not-fetched-is-not-none.md: 禁止同義語『エラー』→ 承認語『所見』を使う。 (BANNED_SYNONYM)
[ERROR] lens/decisions/IMPACT-012-not-fetched-is-not-none.md: 禁止同義語『テスト』→ 承認語『試験』を使う。 (BANNED_SYNONYM)
[ERROR] lens/decisions/IMPACT-013-gates-that-never-fire.md: IMPACT の必須節『影響するテスト』が無い。 (MISSING_SECTION)
[ERROR] lens/decisions/IMPACT-013-gates-that-never-fire.md: IMPACT の必須節『工数見積』が無い。 (MISSING_SECTION)
[ERROR] lens/decisions/IMPACT-014-words-we-coined.md: IMPACT の必須節『影響するテスト』が無い。 (MISSING_SECTION)
[ERROR] lens/decisions/IMPACT-014-words-we-coined.md: IMPACT の必須節『工数見積』が無い。 (MISSING_SECTION)
[ERROR] lens/decisions/IMPACT-015-what-this-product-solves.md: IMPACT の必須節『影響するテスト』が無い。 (MISSING_SECTION)
[ERROR] lens/decisions/IMPACT-015-what-this-product-solves.md: IMPACT の必須節『工数見積』が無い。 (MISSING_SECTION)
[ERROR] lens/decisions/IMPACT-016-name-the-premises.md: IMPACT の必須節『影響するテスト』が無い。 (MISSING_SECTION)
[ERROR] lens/decisions/IMPACT-016-name-the-premises.md: IMPACT の必須節『工数見積』が無い。 (MISSING_SECTION)
[ERROR] lens/decisions/IMPACT-017-icd-claims-dead-concepts.md: IMPACT の必須節『影響するテスト』が無い。 (MISSING_SECTION)
[ERROR] lens/decisions/IMPACT-017-icd-claims-dead-concepts.md: IMPACT の必須節『工数見積』が無い。 (MISSING_SECTION)
[ERROR] lens/decisions/IMPACT-017-icd-claims-dead-concepts.md: 禁止同義語『エラー』→ 承認語『所見』を使う。 (BANNED_SYNONYM)
[ERROR] lens/decisions/IMPACT-018-stale-shots-linger.md: IMPACT の必須節『影響するテスト』が無い。 (MISSING_SECTION)
[ERROR] lens/decisions/IMPACT-018-stale-shots-linger.md: IMPACT の必須節『工数見積』が無い。 (MISSING_SECTION)
[ERROR] lens/decisions/IMPACT-018-stale-shots-linger.md: 禁止同義語『出力』→ 承認語『投影』を使う。 (BANNED_SYNONYM)
[ERROR] lens/decisions/IMPACT-020-decisions-with-no-edges.md: IMPACT の必須節『影響するテスト』が無い。 (MISSING_SECTION)
[ERROR] lens/decisions/IMPACT-020-decisions-with-no-edges.md: IMPACT の必須節『工数見積』が無い。 (MISSING_SECTION)
[ERROR] lens/decisions/IMPACT-021-borrowed-tools-never-used.md: IMPACT の必須節『影響する実装』が無い。 (MISSING_SECTION)
[ERROR] lens/decisions/IMPACT-021-borrowed-tools-never-used.md: IMPACT の必須節『影響するテスト』が無い。 (MISSING_SECTION)
[ERROR] lens/decisions/IMPACT-021-borrowed-tools-never-used.md: IMPACT の必須節『工数見積』が無い。 (MISSING_SECTION)
[ERROR] lens/decisions/IMPACT-021-borrowed-tools-never-used.md: 禁止同義語『CI』→ 承認語『門』を使う。 (BANNED_SYNONYM)
[ERROR] lens/decisions/IMPACT-022-the-parts-list-is-not-watched.md: IMPACT の必須節『影響するテスト』が無い。 (MISSING_SECTION)
[ERROR] lens/decisions/IMPACT-022-the-parts-list-is-not-watched.md: IMPACT の必須節『工数見積』が無い。 (MISSING_SECTION)
[ERROR] lens/decisions/IMPACT-022-the-parts-list-is-not-watched.md: 禁止同義語『本体』→ 承認語『上流』を使う。 (BANNED_SYNONYM)
[ERROR] lens/implementation/IMPL-001-extension-layout.md: 禁止同義語『出力』→ 承認語『投影』を使う。 (BANNED_SYNONYM)
[ERROR] lens/implementation/IMPL-001-extension-layout.md: 禁止同義語『警告』→ 承認語『所見』を使う。 (BANNED_SYNONYM)
[ERROR] lens/implementation/IMPL-001-extension-layout.md: 禁止同義語『本体』→ 承認語『上流』を使う。 (BANNED_SYNONYM)
[ERROR] lens/implementation/IMPL-001-extension-layout.md: 禁止同義語『view』→ 承認語『画面』を使う。 (BANNED_SYNONYM)
[ERROR] lens/spec/SPEC-001-doctrine-bridge.md: 禁止同義語『出力』→ 承認語『投影』を使う。 (BANNED_SYNONYM)
[ERROR] lens/spec/SPEC-001-doctrine-bridge.md: 禁止同義語『警告』→ 承認語『所見』を使う。 (BANNED_SYNONYM)
[ERROR] lens/spec/SPEC-001-doctrine-bridge.md: 禁止同義語『エラー』→ 承認語『所見』を使う。 (BANNED_SYNONYM)
[ERROR] lens/spec/SPEC-002-depth-navigation.md: 禁止同義語『出力』→ 承認語『投影』を使う。 (BANNED_SYNONYM)
[ERROR] lens/spec/SPEC-002-depth-navigation.md: 禁止同義語『ループ』→ 承認語『循環』を使う。 (BANNED_SYNONYM)
[ERROR] lens/spec/SPEC-002-depth-navigation.md: 禁止同義語『警告』→ 承認語『所見』を使う。 (BANNED_SYNONYM)
[ERROR] lens/spec/SPEC-002-depth-navigation.md: 禁止同義語『エラー』→ 承認語『所見』を使う。 (BANNED_SYNONYM)
[ERROR] lens/spec/SPEC-002-depth-navigation.md: 禁止同義語『本体』→ 承認語『上流』を使う。 (BANNED_SYNONYM)
[ERROR] lens/spec/SPEC-003-lens-grammar.md: 禁止同義語『出力』→ 承認語『投影』を使う。 (BANNED_SYNONYM)
[ERROR] lens/spec/SPEC-003-lens-grammar.md: 禁止同義語『警告』→ 承認語『所見』を使う。 (BANNED_SYNONYM)
[ERROR] lens/spec/SPEC-003-lens-grammar.md: 禁止同義語『エラー』→ 承認語『所見』を使う。 (BANNED_SYNONYM)
[ERROR] lens/spec/SPEC-004-trace-bridge.md: 禁止同義語『出力』→ 承認語『投影』を使う。 (BANNED_SYNONYM)
[ERROR] lens/spec/SPEC-004-trace-bridge.md: 禁止同義語『警告』→ 承認語『所見』を使う。 (BANNED_SYNONYM)
[ERROR] lens/spec/SPEC-004-trace-bridge.md: 禁止同義語『エラー』→ 承認語『所見』を使う。 (BANNED_SYNONYM)
[ERROR] lens/spec/SPEC-005-code-side-surface.md: 禁止同義語『原本』→ 承認語『正本』を使う。 (BANNED_SYNONYM)
[ERROR] lens/spec/SPEC-005-code-side-surface.md: 禁止同義語『出力』→ 承認語『投影』を使う。 (BANNED_SYNONYM)
[ERROR] lens/spec/SPEC-005-code-side-surface.md: 禁止同義語『警告』→ 承認語『所見』を使う。 (BANNED_SYNONYM)
[ERROR] lens/spec/SPEC-005-code-side-surface.md: 禁止同義語『エラー』→ 承認語『所見』を使う。 (BANNED_SYNONYM)
[ERROR] lens/spec/SPEC-006-consequence-list.md: 禁止同義語『出力』→ 承認語『投影』を使う。 (BANNED_SYNONYM)
[ERROR] lens/spec/SPEC-006-consequence-list.md: 禁止同義語『退役』→ 承認語『アーカイブ』を使う。 (BANNED_SYNONYM)
[ERROR] lens/spec/SPEC-006-consequence-list.md: 禁止同義語『波及先』→ 承認語『帰結』を使う。 (BANNED_SYNONYM)
[ERROR] lens/spec/SPEC-006-consequence-list.md: 禁止同義語『ループ』→ 承認語『循環』を使う。 (BANNED_SYNONYM)
[ERROR] lens/spec/SPEC-006-consequence-list.md: 禁止同義語『警告』→ 承認語『所見』を使う。 (BANNED_SYNONYM)
[ERROR] lens/spec/SPEC-006-consequence-list.md: 禁止同義語『エラー』→ 承認語『所見』を使う。 (BANNED_SYNONYM)
[ERROR] lens/spec/SPEC-007-mutation-checker.md: 禁止同義語『警告』→ 承認語『所見』を使う。 (BANNED_SYNONYM)
[ERROR] lens/spec/SPEC-007-mutation-checker.md: 禁止同義語『エラー』→ 承認語『所見』を使う。 (BANNED_SYNONYM)
[ERROR] lens/spec/SPEC-008-mutation-isolation.md: 禁止同義語『警告』→ 承認語『所見』を使う。 (BANNED_SYNONYM)
[ERROR] lens/spec/SPEC-008-mutation-isolation.md: 禁止同義語『エラー』→ 承認語『所見』を使う。 (BANNED_SYNONYM)
[ERROR] lens/test/TEST-001-bridge-acceptance.md: 禁止同義語『出力』→ 承認語『投影』を使う。 (BANNED_SYNONYM)
[ERROR] lens/test/TEST-001-bridge-acceptance.md: 禁止同義語『警告』→ 承認語『所見』を使う。 (BANNED_SYNONYM)
[ERROR] lens/test/TEST-004-trace-bridge-acceptance.md: 禁止同義語『出力』→ 承認語『投影』を使う。 (BANNED_SYNONYM)
[ERROR] lens/test/TEST-004-trace-bridge-acceptance.md: 禁止同義語『doctrine 側』→ 承認語『上流』を使う。 (BANNED_SYNONYM)
[ERROR] lens/test/TEST-005-code-side-acceptance.md: 禁止同義語『親』→ 承認語『上流』を使う。 (BANNED_SYNONYM)
[ERROR] lens/test/TEST-006-consequence-acceptance.md: 禁止同義語『view』→ 承認語『画面』を使う。 (BANNED_SYNONYM)
[ERROR] lens/test/TEST-006-consequence-acceptance.md: 禁止同義語『CI』→ 承認語『門』を使う。 (BANNED_SYNONYM)
[ERROR] lens/test/TEST-007-mutation-checker-acceptance.md: TEST の必須節『合否基準』が無い。 (MISSING_SECTION)
[ERROR] lens/test/TEST-007-mutation-checker-acceptance.md: 禁止同義語『警告』→ 承認語『所見』を使う。 (BANNED_SYNONYM)
[ERROR] lens/test/TEST-007-mutation-checker-acceptance.md: 禁止同義語『本体』→ 承認語『上流』を使う。 (BANNED_SYNONYM)
[ERROR] lens/test/TEST-007-mutation-checker-acceptance.md: 禁止同義語『親』→ 承認語『上流』を使う。 (BANNED_SYNONYM)
[ERROR] lens/test/TEST-007-mutation-checker-acceptance.md: 禁止同義語『CI』→ 承認語『門』を使う。 (BANNED_SYNONYM)
[ERROR] lens/test/TEST-008-mutation-isolation-acceptance.md: TEST の必須節『退行観点』が無い。 (MISSING_SECTION)
[ERROR] lens/test/TEST-008-mutation-isolation-acceptance.md: TEST の必須節『合否基準』が無い。 (MISSING_SECTION)
docs-linter --batch: 85 文書に 241 件の ERROR。
