NG   模型のファイル名 — 9 箇所に手書きされている(対象を増やすとき、ここを直し忘れた箇所は黙って掃引から外れる)
       overlay/build-overlay.mjs:32  const model = JSON.parse(readFileSync(join(here, "..", "gold-model", "target-1-doctrine-and-lens
       prototype/build.mjs:23  gm("target-1-doctrine-and-lens.json"),
       prototype/build.mjs:24  gm("target-2-lens-shipping.json"),
       prototype/build.mjs:25  gm("target-3-celery.json"),
       prototype/build.mjs:26  gm("fixture-rare-states.json"), // 架空。H 層 T6(希少状態の読み分け)専用
       prototype/test-gates.mjs:15  const realModels = ["target-1-doctrine-and-lens.json", "target-2-lens-shipping.json", "target-3-
       prototype/test-m13-browser.mjs:23  const models = ["target-1-doctrine-and-lens.json", "target-2-lens-shipping.json", "target-3-cele
       prototype/test-m14-browser.mjs:15  const files = ["target-1-doctrine-and-lens.json", "target-2-lens-shipping.json", "target-3-celer
       prototype/verify.mjs:15  ["validator(M-01〜16・四対象)", "node", ["validate.mjs", "target-1-doctrine-and-lens.json", "target-2
NG   対象を位置で指す — 5 箇所に手書きされている(模型の並び順が意味を持ってしまう。並べ替えると静止画が別の対象を撮る)
       prototype/shoot.mjs:61  await p.selectOption("#target", "1");
       prototype/shoot.mjs:66  await p.selectOption("#target", "2");
       prototype/shoot.mjs:76  await p.selectOption("#target", "3");
       prototype/test-labels-browser.mjs:56  await p.selectOption("#target", "0");
       prototype/test-m13-browser.mjs:88  await p.selectOption("#target", "0");
NG   対象の添字の一覧 — 1 箇所に手書きされている(同上。対象を増やしても掃引の範囲が増えない)
       prototype/test-labels-browser.mjs:51  for (const i of ["0", "1", "2", "3"]) {
NG   実現先として認める種別 — 1 箇所に手書きされている(validate 側と build 側で食い違ったまま気付けない(上流 #212 ギャップ7 の形))
       prototype/gates.mjs:25  export const REALIZATION_KINDS = ["code_range", "test"];
NG   証跡の必須属性 — 2 箇所に手書きされている(schema.json の Evidence.required と二重定義になり、片方だけ動く)
       gold-model/validate.mjs:17  const EVIDENCE_KEYS = ["ref", "environment", "version", "exit_status", "observed_at"];
       prototype/gates.mjs:26  const EVIDENCE_KEYS = ["ref", "environment", "version", "exit_status", "observed_at"];
NG   七状態 — 2 箇所に手書きされている(schema.json の VerificationStatus.enum と二重定義になる)
       gold-model/validate.mjs:16  const STATES = ["unknown", "claimed", "planned", "verified", "failed", "stale", "not_applicable"
       prototype/build.mjs:400  const order = ["failed", "stale", "unknown", "claimed", "planned", "verified", "not_applicable"]
NG   操作数の上限 — 2 箇所に手書きされている(台帳 v3.2-16 が決めた値。呼ぶ側それぞれが持つと、片方だけ緩められる)
       prototype/build.mjs:32  const { max: m14max } = assertM14(m14, 3);
       prototype/test-gates.mjs:33  const { max, reachable, na } = assertM14(rows, 3);

22 箇所が正本の外に事実を持っている
