ok   不変条件が名指す検査器はすべて登録されている
ok   検査器はすべてちょうど一つの不変条件に属する
ok   検査器を持たない不変条件が無い
ok   id が一意である
ok   検査器の属する段が実在する
ok   模型の門の検査器が、登録と実装で一致する(集合として)
ok   INVARIANTS.md の表が登録と一致する
ok   判定の語彙に、合格の桶が一つだけ在る
ok   了解の記録が実在する不変条件と対象を指す
NG   要件の一覧を機械可読で差し出す口が在る
NG   差し出す器の指紋が、実物と一致する
NG   どの検査器も黙って消えない(要件か、理由つきの除外か)
NG   要件が名指す不変条件が、登録と一致する
NG   負例で裏づけた要件が、実在する負例を指す

5 件の所見
  - 要件の一覧を機械可読で差し出す口が在る: 検めが例外で止まった — Command failed: /usr/local/bin/node /workspaces/doctrine_lens/research/system-map/gold-model/validate.mjs --requirements --json usage: node validate.mjs <model.json> [...] [--report <path>] 
  - 一覧を取れていないので検められない
  - 一覧を取れていないので検められない
  - 一覧を取れていないので検められない
  - 一覧を取れていないので検められない
