
===== validator(M-01〜16・四対象) =====

== target-1-doctrine-and-lens.json (target: doctrine-and-lens) ==
  PASS  M-01
  PASS  M-02
  PASS  M-03
  PASS  M-04  — 2 本を照合
  PASS  M-05  — 判定可能性そのものは機械で測れない(非空+七状態のみ検査)
  PASS  M-06
  PASS  M-07  — 正本表示への混入検査はプロトタイプ側(Phase 1)
  PASS  M-08  — 出所の字面検査のみ(過程の検査は人の規律)
  PASS  M-09
  PASS  M-10
  PASS  M-11
  PASS  M-12
  PASS  M-15
  PASS  M-16  — 等価規則: version の commit SHA は内容の指紋を兼ねる
  SKIP  M-13  — 宣言済み CLI 限定は道具側の検査(Phase 1 のプロトタイプで判定)
  SKIP  M-14  — 3 操作以内の到達はプロトタイプの検査(Phase 1 で判定)
  計: PASS 14 / FAIL 0 / SKIP 2

== target-2-lens-shipping.json (target: lens-shipping) ==
  PASS  M-01
  PASS  M-02
  PASS  M-03
  PASS  M-04  — 子の越境 Flow なし(空対象で成立)
  PASS  M-05  — 判定可能性そのものは機械で測れない(非空+七状態のみ検査)
  PASS  M-06
  PASS  M-07  — 正本表示への混入検査はプロトタイプ側(Phase 1)
  PASS  M-08  — 出所の字面検査のみ(過程の検査は人の規律)
  PASS  M-09
  PASS  M-10
  PASS  M-11
  PASS  M-12
  PASS  M-15
  PASS  M-16  — 等価規則: version の commit SHA は内容の指紋を兼ねる
  SKIP  M-13  — 宣言済み CLI 限定は道具側の検査(Phase 1 のプロトタイプで判定)
  SKIP  M-14  — 3 操作以内の到達はプロトタイプの検査(Phase 1 で判定)
  計: PASS 14 / FAIL 0 / SKIP 2

== target-3-celery.json (target: celery) ==
  PASS  M-01
  PASS  M-02
  PASS  M-03
  PASS  M-04  — 子の越境 Flow なし(空対象で成立)
  PASS  M-05  — 判定可能性そのものは機械で測れない(非空+七状態のみ検査)
  PASS  M-06
  PASS  M-07  — 正本表示への混入検査はプロトタイプ側(Phase 1)
  PASS  M-08  — 出所の字面検査のみ(過程の検査は人の規律)
  PASS  M-09
  PASS  M-10
  PASS  M-11
  PASS  M-12
  PASS  M-15
  PASS  M-16  — 等価規則: version の commit SHA は内容の指紋を兼ねる
  SKIP  M-13  — 宣言済み CLI 限定は道具側の検査(Phase 1 のプロトタイプで判定)
  SKIP  M-14  — 3 操作以内の到達はプロトタイプの検査(Phase 1 で判定)
  計: PASS 14 / FAIL 0 / SKIP 2

== fixture-rare-states.json (target: fixture-rare-states(架空)) ==
  PASS  M-01
  PASS  M-02
  PASS  M-03
  PASS  M-04  — 子の越境 Flow なし(空対象で成立)
  PASS  M-05  — 判定可能性そのものは機械で測れない(非空+七状態のみ検査)
  PASS  M-06
  PASS  M-07  — 正本表示への混入検査はプロトタイプ側(Phase 1)
  PASS  M-08  — 出所の字面検査のみ(過程の検査は人の規律)
  PASS  M-09
  PASS  M-10
  PASS  M-11
  PASS  M-12
  PASS  M-15
  PASS  M-16  — 等価規則: version の commit SHA は内容の指紋を兼ねる
  SKIP  M-13  — 宣言済み CLI 限定は道具側の検査(Phase 1 のプロトタイプで判定)
  SKIP  M-14  — 3 操作以内の到達はプロトタイプの検査(Phase 1 で判定)
  計: PASS 14 / FAIL 0 / SKIP 2

===== build(既定 = overlay なし。M-13 静的・M-14 計算) =====
index.html を生成した。M-14 最大操作数: 3 / M-13: 外部読み取りなし

===== M-14 計算経路の正負(test-gates) =====
ok   正: 現物の四対象は実操作(親=選ぶ+開く=2、子=降りる+選ぶ+開く=3)で全て到達・NA・超過なし
ok   負: 展開を 1 段挟む画面遷移にすると子が 4 操作になり落ちる
ok   負: 境界 — 親のみの最小モデルで展開 1 段(計 3)は通り、2 段(計 4)は落ちる
ok   負: realized_by が実在しない anchor を指すと「壊れた参照」で落ちる
ok   負: anchor から URL を消すと「壊れた参照」で落ちる
ok   負: document アンカーを実現先に渡すと種別で落ちる(文書は Code/Test/Evidence でない)
ok   負: artifact アンカー(リポジトリ tree)を実現先に渡すと種別で落ちる
ok   負: 必須属性の欠けた証拠は「壊れ」で落ちる(NA でない要素の契約で検証)
ok   負: 実現も明示 NA も無い要素(provenance だけ)は「未登録」で落ちる
ok   正: 明示 NA(理由つき)は許され、到達判定から除外される
ok   M-13 静的・正: 現物の index.html に fetch/XHR の綴りが無い
ok   M-13 静的・負: fetch( / XMLHttpRequest を仕込むと検出される

全件通過

===== M-13 実ブラウザ(操作単位 assert・オフライン・負例5) =====
ok   正: オンラインで全 15 操作が成立・各操作の外部リクエスト 0 件
ok   正: オフラインでも同一の全 15 操作が成立・外部 0 件
ok   負: 外部 script の仕込みが検出される
ok   負: 外部 stylesheet の仕込みが検出される
ok   負: 外部 img の仕込みが検出される
ok   負: 外部 fetch の仕込みが検出される
ok   負: 外部 font の仕込みが検出される

全件通過(正 2・負 5)

===== M-14 実操作(全到達要素のクリック計測・全リンク到達) =====
ok   doctrine-and-lens/doctrine — 実操作 2 / 計算 2 / 到達先 3 件
ok   doctrine-and-lens/doctrine.governance — 実操作 3 / 計算 3 / 到達先 1 件
ok   doctrine-and-lens/doctrine.graph — 実操作 3 / 計算 3 / 到達先 1 件
ok   doctrine-and-lens/doctrine.authoring — 実操作 3 / 計算 3 / 到達先 1 件
ok   doctrine-and-lens/lens — 実操作 2 / 計算 2 / 到達先 2 件
ok   doctrine-and-lens/lens.bridge — 実操作 3 / 計算 3 / 到達先 1 件
ok   doctrine-and-lens/lens.model — 実操作 3 / 計算 3 / 到達先 1 件
ok   doctrine-and-lens/lens.view — 実操作 3 / 計算 3 / 到達先 1 件
ok   lens-shipping/packager — 実操作 2 / 計算 2 / 到達先 1 件
ok   NA 表示: doctrine-and-lens/maintainer
ok   NA 表示: doctrine-and-lens/vscode
ok   NA 表示: lens-shipping/maintainer

全件通過(実操作と計算の突合)

===== ラベル重なり(全対象+ドリル・回帰負例) =====
ok   正: 全対象・ドリル含めラベルの重なりなし
ok   負: 退避を切った変種の重なりが検出される(回帰負例=Celery) — 対象2: ↩ ack を返す(event)↩ ack を返 × ↩ 状態と結果を返す(data)↩ 状態と結果を(計 1 組)

全件通過(正 1・負 1)

一括検証: 全段通過
